// Jest Snapshot v1, https://goo.gl/fbAQLP

exports[`It renders without crashing 1`] = `null`;
